C51 COMPILER V9.54   USR_MAIN                                                              11/09/2018 14:49:54 PAGE 1   


C51 COMPILER V9.54, COMPILATION OF MODULE USR_MAIN
OBJECT MODULE PLACED IN .\Output\Usr_Main.obj
COMPILER INVOKED BY: C:\Keil_v5\C51\BIN\C51.EXE Usr\Usr_Main.c OMF2 OPTIMIZE(8,SPEED) BROWSE INCDIR(.\Usr;.\Usr_lib;.\st
                    -d_Lib;.\dataTrans;.\Actuator;.\Sensor;.\hwDriver) DEBUG PRINT(.\Listings\Usr_Main.lst) OBJECT(.\Output\Usr_Main.obj)

line level    source

   1          #include "STC15Fxxxx.H"
   2          
   3          #include "dataTrans.h"
   4          #include "appTimer.h"
   5          #include "pars_Method.h"
   6          #include "dataManage.h"
   7          #include "Tips.h"
   8          #include "usrKin.h"
   9          #include "Relay.h"
  10          #include "timerAct.h"
  11          #include "touchPad.h"
  12          #include "devlopeDebug.h"
  13          
  14          #include "USART.h"
  15          #include "delay.h"
  16          
  17          void bsp_Init(void){
  18   1      
  19   1              appTimer0_Init();
  20   1              zigbUart_pinInit();
  21   1              uartObjZigb_Init();
  22   1              tipLED_pinInit();
  23   1              usrKin_pinInit();
  24   1              relay_pinInit();
  25   1      }
  26          
  27          void bsp_datsReales(void){
  28   1      
  29   1              MAC_ID_Relaes();
  30   1              portCtrlEachOther_Reales();
  31   1              ledBKGColorSw_Reales();
  32   1              timeZone_Reales();
  33   1      }
  34          
  35          int main(void){
  36   1              
  37   1              bsp_Init();
  38   1              bsp_datsReales();
  39   1              birthDay_Judge();
  40   1              
  41   1      //      while(1)tips_warning();
  42   1              
  43   1              devStatus_switch.statusChange_standBy = status_nwkReconnect;
  44   1              devStatus_switch.statusChange_IF = 1;
  45   1              
  46   1      //      while(1)PIN_RELAY_1 = touchPad_1;
  47   1              
  48   1              while(1){
  49   2                      
  50   2                      touchPad_Scan();
  51   2                      UsrKEYScan(usrKeyFun_zigbNwkRejoin, fun_Test, fun_Test);
  52   2                      DcodeScan();
  53   2                      
  54   2                      thread_Timing();
C51 COMPILER V9.54   USR_MAIN                                                              11/09/2018 14:49:54 PAGE 2   

  55   2                      
  56   2                      thread_Relay();
  57   2                      
  58   2                      thread_dataTrans();
  59   2                      
  60   2                      thread_Tips();
  61   2                      
  62   2                      touchPad_processThread();
  63   2                      
  64   2                      thread_devlopeDebug();
  65   2              }
  66   1              
  67   1              return 0;
  68   1      }
*** WARNING C294 IN LINE 67 OF Usr\Usr_Main.c: unreachable code


MODULE INFORMATION:   STATIC OVERLAYABLE
   CODE SIZE        =    105    ----
   CONSTANT SIZE    =   ----    ----
   XDATA SIZE       =   ----    ----
   PDATA SIZE       =   ----    ----
   DATA SIZE        =   ----    ----
   IDATA SIZE       =   ----    ----
   BIT SIZE         =   ----    ----
   EDATA SIZE       =   ----    ----
   HDATA SIZE       =   ----    ----
   XDATA CONST SIZE =   ----    ----
   FAR CONST SIZE   =   ----    ----
END OF MODULE INFORMATION.


C51 COMPILATION COMPLETE.  1 WARNING(S),  0 ERROR(S)
